error[E0283]: type annotations needed for `(N, qd_vect::Vect<T, N>)`
  --> $DIR/collect.rs:4:13
   |
4  |     let _ = collect(vec![]);
   |         -   ^^^^^^^
   |         |   |
   |         |   cannot infer type for type parameter `N` declared on the function `collect`
   |         |   help: consider specifying the type arguments in the function call: `collect::<Item, N, I>`
   |         consider giving this pattern the explicit type `(N, qd_vect::Vect<T, N>)`, where the type parameter `N` is specified
   | 
  ::: $WORKSPACE/qd_vect/src/lib.rs:25:25
   |
25 | pub fn collect<Item, N: Nat, I: IntoIterator<Item = Item>>(iter: I) -> (N, Vect<Item, N>) {
   |                         --- required by this bound in `qd_vect::collect`
   |
   = note: cannot resolve `_: qd_nat::timestamped::nat::Nat`
